../Core/Src/main.c:63:6:HAL_UART_RxCpltCallback	16	static
../Core/Src/main.c:79:6:PCA9685_SetBit	40	static
../Core/Src/main.c:90:6:PCA9685_SetPWMFrequency	40	static
../Core/Src/main.c:104:6:PCA9685_Init	16	static
../Core/Src/main.c:110:6:PCA9685_SetPWM	40	static
../Core/Src/main.c:123:6:PCA9685_SetServoAngle	24	static
../Core/Src/main.c:137:5:main	8	static
../Core/Src/main.c:285:6:SystemClock_Config	72	static
../Core/Src/main.c:325:13:MX_I2C1_Init	8	static
../Core/Src/main.c:359:13:MX_USART1_UART_Init	8	static
../Core/Src/main.c:392:13:MX_GPIO_Init	40	static
../Core/Src/main.c:431:6:Error_Handler	4	static,ignoring_inline_asm
